import sys
operacao = input("Qual operação deseja fazer? ( * / - +)\n")

try:
    operando1 = float(input("Digite operando1:\n"))
    operando2 = float(input("Digite operando2:\n"))
except ValueError:
    print("Digite somente números nos operandos 1 e 2")
    sys.exit(1)

resultado = None
if operacao == "+":
    resultado = operando1 + operando2
elif operacao == "-":
    resultado = operando1 - operando2
elif operacao == "*":
    resultado = operando1 * operando2
elif operacao == "/" and operando2 == 0:
    print("Operação inválida: Divisão por 0")
    sys.exit(1)
elif operacao == "/":
    resultado = operando1 / operando2
else:
    print("Operação não existente!")

if resultado:
    print("Resultado: {0}".format(resultado))
    
    unit teste
    
    import unittest

class TestStringMethods(unittest.TestCase):

    def test_upper(self):
        self.assertEqual('foo'.upper(), 'FOO')

    def test_isupper(self):
        self.assertTrue('FOO'.isupper())
        self.assertFalse('Foo'.isupper())

    def test_split(self):
        s = 'hello world'
        self.assertEqual(s.split(), ['hello', 'world'])
        # check that s.split fails when the separator is not a string
        with self.assertRaises(TypeError):
            s.split(2)

if __name__ == '__main__':
    unittest.main()
    
    $ git config  user.email “email”

$ git config user.name “usuariodogit”
 git init

Mostra os arquivos que ainda não estão no repositorio

$ git status

Adiciona os arquivos para irem ao repositório

$ git add .

Nomeia esse upload, cada commit tem um nome.

$ git branch -M main

envia dados para a raiz do projeto (principal).

Envia dados para a raiz do projeto(principal) 

$ git commit -m “Exemplo – exercícios sobre operadores aritmeticos”

Informa para qual repositório vai esses arquivos, o link abaixo você vai copiar do github

$ git remote add origin https://github.com/seunome/nomerepositorio.git

Agora precisamos enviar os arquivos o comando é:

$ git push origin master

Na primeira vez ele irá pedir seu usuário e senha que cadastrou no git.

Em caso de erro nessa etapa, use antes o comando abaixo:

git pull origin master –allow-unrelated-histories (só em caso de erro)

Em seguida use esse novamente

$ git push origin master
